// Jest Snapshot v1, https://goo.gl/fbAQLP

exports[`<Footer/> should render a footer component 1`] = `
<footer
  className="footer"
>
  <div
    className="info-bar__footer"
  >
    <span
      className="progress-status indicator-status "
    />
    <span />
  </div>
  <div
    className="preview-bar__footer"
  >
    <ForwardRef(TippyWrapper)
      content={
        <p>
          Preview
        </p>
      }
      placement="bottom"
      trigger="mouseenter"
    >
      <div
        className="switch-box switch-box--green"
      >
        <label
          className="switch"
        >
          <input
            aria-label="Show previews"
            onChange={[Function]}
            type="checkbox"
          />
          <div
            className="switch-slider round"
          />
        </label>
      </div>
    </ForwardRef(TippyWrapper)>
    <ForwardRef(TippyWrapper)
      content={
        <p>
          Preview Window
        </p>
      }
      placement="bottom"
      trigger="mouseenter"
    >
      <span
        aria-label="Open Detailed Preview Window"
        className="button__expand icon-new-window disabled"
        onClick={[Function]}
        onKeyDown={[Function]}
        role="button"
        tabIndex="0"
      />
    </ForwardRef(TippyWrapper)>
  </div>
</footer>
`;
