// Jest Snapshot v1, https://goo.gl/fbAQLP

exports[`should render a header component 1`] = `
<header
  className="header "
>
  <nav
    className="nav nav-testnet"
    role="menubar"
  >
    <div
      className="draggable draggable--other"
      style={
        Object {
          "WebkitAppRegion": "drag",
        }
      }
    />
  </nav>
</header>
`;
