// Jest Snapshot v1, https://goo.gl/fbAQLP

exports[`Loading should render an Loading container 1`] = `
<div
  className="content__loading"
>
  <canvas
    className="canvas"
    height="841"
    id="stage"
    style={
      Object {
        "backgroundColor": "rgba(0, 0, 0, 0)",
      }
    }
    width="1534"
  />
  <Spring
    config={
      Object {
        "friction": 50,
        "tension": 10,
      }
    }
    delay={1000}
    force={false}
    from={
      Object {
        "alpha": 0,
        "rotate": 0,
      }
    }
    immediate={false}
    inject={[Function]}
    native={false}
    reset={false}
    to={
      Object {
        "alpha": 1,
        "rotate": -24,
      }
    }
  >
    <Component />
  </Spring>
</div>
`;
